0 verbose cli D:\nodejs\node.exe D:\nodejs\node_modules\npm\bin\npm-cli.js
1 info using npm@11.6.2
2 info using node@v25.2.1
3 silly config load:file:D:\nodejs\node_modules\npm\npmrc
4 silly config load:file:D:\360MoveData\Users\46273\Desktop\DEMO\.tmp_video\.npmrc
5 silly config load:file:C:\Users\46273\.npmrc
6 silly config load:file:C:\Users\46273\AppData\Roaming\npm\etc\npmrc
7 verbose title npm i ffmpeg-static
8 verbose argv "i" "ffmpeg-static" "--cache" "D:\\360MoveData\\Users\\46273\\Desktop\\DEMO\\.tmp_video\\.npm-cache" "--no-audit" "--no-fund"
9 verbose logfile logs-max:10 dir:D:\360MoveData\Users\46273\Desktop\DEMO\.tmp_video\.npm-cache\_logs\2026-10-01T12_18_53_848Z-
10 verbose logfile D:\360MoveData\Users\46273\Desktop\DEMO\.tmp_video\.npm-cache\_logs\2026-10-01T12_18_53_848Z-debug-0.log
11 silly logfile done cleaning log files
12 silly packumentCache heap:4496293888 maxSize:1124073472 maxEntrySize:562036736
13 silly idealTree buildDeps
14 silly fetch manifest ffmpeg-static@*
15 silly packumentCache full:https://registry.npmjs.org/ffmpeg-static cache-miss
16 http fetch GET 200 https://registry.npmjs.org/ffmpeg-static 957ms (cache miss)
17 silly packumentCache full:https://registry.npmjs.org/ffmpeg-static set size:undefined disposed:false
18 silly placeDep ROOT ffmpeg-static@5.3.0 OK for:  want: *
19 silly fetch manifest @derhuerst/http-basic@^8.2.0
20 silly packumentCache full:https://registry.npmjs.org/@derhuerst%2fhttp-basic cache-miss
21 silly fetch manifest env-paths@^2.2.0
22 silly packumentCache full:https://registry.npmjs.org/env-paths cache-miss
23 silly fetch manifest https-proxy-agent@^5.0.0
24 silly packumentCache full:https://registry.npmjs.org/https-proxy-agent cache-miss
25 silly fetch manifest progress@^2.0.3
26 silly packumentCache full:https://registry.npmjs.org/progress cache-miss
27 http fetch GET 200 https://registry.npmjs.org/@derhuerst%2fhttp-basic 345ms (cache miss)
28 silly packumentCache full:https://registry.npmjs.org/@derhuerst%2fhttp-basic set size:undefined disposed:false
29 http fetch GET 200 https://registry.npmjs.org/env-paths 892ms (cache miss)
30 silly packumentCache full:https://registry.npmjs.org/env-paths set size:undefined disposed:false
31 http fetch GET 200 https://registry.npmjs.org/npm 1895ms
32 http fetch GET 200 https://registry.npmjs.org/progress 951ms (cache miss)
33 silly packumentCache full:https://registry.npmjs.org/progress set size:undefined disposed:false
34 http fetch GET 200 https://registry.npmjs.org/https-proxy-agent 953ms (cache miss)
35 silly packumentCache full:https://registry.npmjs.org/https-proxy-agent set size:undefined disposed:false
36 silly placeDep ROOT @derhuerst/http-basic@8.2.4 OK for: ffmpeg-static@5.3.0 want: ^8.2.0
37 silly placeDep ROOT env-paths@2.2.1 OK for: ffmpeg-static@5.3.0 want: ^2.2.0
38 silly placeDep ROOT https-proxy-agent@5.0.1 OK for: ffmpeg-static@5.3.0 want: ^5.0.0
39 silly placeDep ROOT progress@2.0.3 OK for: ffmpeg-static@5.3.0 want: ^2.0.3
40 silly fetch manifest caseless@^0.12.0
41 silly packumentCache full:https://registry.npmjs.org/caseless cache-miss
42 silly fetch manifest concat-stream@^2.0.0
43 silly packumentCache full:https://registry.npmjs.org/concat-stream cache-miss
44 silly fetch manifest http-response-object@^3.0.1
45 silly packumentCache full:https://registry.npmjs.org/http-response-object cache-miss
46 silly fetch manifest parse-cache-control@^1.0.1
47 silly packumentCache full:https://registry.npmjs.org/parse-cache-control cache-miss
48 silly fetch manifest debug@4
49 silly packumentCache full:https://registry.npmjs.org/debug cache-miss
50 silly fetch manifest agent-base@6
51 silly packumentCache full:https://registry.npmjs.org/agent-base cache-miss
52 http fetch GET 200 https://registry.npmjs.org/caseless 228ms (cache miss)
53 silly packumentCache full:https://registry.npmjs.org/caseless set size:undefined disposed:false
54 http fetch GET 200 https://registry.npmjs.org/parse-cache-control 228ms (cache miss)
55 silly packumentCache full:https://registry.npmjs.org/parse-cache-control set size:undefined disposed:false
56 http fetch GET 200 https://registry.npmjs.org/concat-stream 237ms (cache miss)
57 silly packumentCache full:https://registry.npmjs.org/concat-stream set size:undefined disposed:false
58 http fetch GET 200 https://registry.npmjs.org/debug 281ms (cache miss)
59 silly packumentCache full:https://registry.npmjs.org/debug set size:undefined disposed:false
60 http fetch GET 200 https://registry.npmjs.org/agent-base 910ms (cache miss)
61 silly packumentCache full:https://registry.npmjs.org/agent-base set size:undefined disposed:false
62 http fetch GET 200 https://registry.npmjs.org/http-response-object 988ms (cache miss)
63 silly packumentCache full:https://registry.npmjs.org/http-response-object set size:undefined disposed:false
64 silly placeDep ROOT caseless@0.12.0 OK for: @derhuerst/http-basic@8.2.4 want: ^0.12.0
65 silly placeDep ROOT concat-stream@2.0.0 OK for: @derhuerst/http-basic@8.2.4 want: ^2.0.0
66 silly placeDep ROOT http-response-object@3.0.2 OK for: @derhuerst/http-basic@8.2.4 want: ^3.0.1
67 silly placeDep ROOT parse-cache-control@1.0.1 OK for: @derhuerst/http-basic@8.2.4 want: ^1.0.1
68 silly fetch manifest buffer-from@^1.0.0
69 silly packumentCache full:https://registry.npmjs.org/buffer-from cache-miss
70 silly fetch manifest inherits@^2.0.3
71 silly packumentCache full:https://registry.npmjs.org/inherits cache-miss
72 silly fetch manifest readable-stream@^3.0.2
73 silly packumentCache full:https://registry.npmjs.org/readable-stream cache-miss
74 silly fetch manifest typedarray@^0.0.6
75 silly packumentCache full:https://registry.npmjs.org/typedarray cache-miss
76 silly fetch manifest @types/node@^10.0.3
77 silly packumentCache full:https://registry.npmjs.org/@types%2fnode cache-miss
78 http fetch GET 200 https://registry.npmjs.org/buffer-from 220ms (cache miss)
79 silly packumentCache full:https://registry.npmjs.org/buffer-from set size:undefined disposed:false
80 http fetch GET 200 https://registry.npmjs.org/inherits 230ms (cache miss)
81 silly packumentCache full:https://registry.npmjs.org/inherits set size:undefined disposed:false
82 http fetch GET 200 https://registry.npmjs.org/typedarray 234ms (cache miss)
83 silly packumentCache full:https://registry.npmjs.org/typedarray set size:undefined disposed:false
84 http fetch GET 200 https://registry.npmjs.org/readable-stream 494ms (cache miss)
85 silly packumentCache full:https://registry.npmjs.org/readable-stream set size:undefined disposed:false
86 http fetch GET 200 https://registry.npmjs.org/@types%2fnode 1929ms (cache miss)
87 silly packumentCache full:https://registry.npmjs.org/@types%2fnode set size:undefined disposed:false
88 silly placeDep ROOT buffer-from@1.1.2 OK for: concat-stream@2.0.0 want: ^1.0.0
89 silly placeDep ROOT inherits@2.0.4 OK for: concat-stream@2.0.0 want: ^2.0.3
90 silly placeDep ROOT readable-stream@3.6.2 OK for: concat-stream@2.0.0 want: ^3.0.2
91 silly placeDep ROOT typedarray@0.0.6 OK for: concat-stream@2.0.0 want: ^0.0.6
92 silly fetch manifest string_decoder@^1.1.1
93 silly packumentCache full:https://registry.npmjs.org/string_decoder cache-miss
94 silly fetch manifest util-deprecate@^1.0.1
95 silly packumentCache full:https://registry.npmjs.org/util-deprecate cache-miss
96 http fetch GET 200 https://registry.npmjs.org/util-deprecate 220ms (cache miss)
97 silly packumentCache full:https://registry.npmjs.org/util-deprecate set size:undefined disposed:false
98 http fetch GET 200 https://registry.npmjs.org/string_decoder 241ms (cache miss)
99 silly packumentCache full:https://registry.npmjs.org/string_decoder set size:undefined disposed:false
100 silly placeDep ROOT @types/node@10.17.60 OK for: http-response-object@3.0.2 want: ^10.0.3
101 silly placeDep ROOT agent-base@6.0.2 OK for: https-proxy-agent@5.0.1 want: 6
102 silly placeDep ROOT debug@4.4.3 OK for: https-proxy-agent@5.0.1 want: 4
103 silly fetch manifest ms@^2.1.3
104 silly packumentCache full:https://registry.npmjs.org/ms cache-miss
105 http fetch GET 200 https://registry.npmjs.org/ms 245ms (cache miss)
106 silly packumentCache full:https://registry.npmjs.org/ms set size:undefined disposed:false
107 silly placeDep ROOT ms@2.1.3 OK for: debug@4.4.3 want: ^2.1.3
108 silly placeDep ROOT string_decoder@1.3.0 OK for: readable-stream@3.6.2 want: ^1.1.1
109 silly placeDep ROOT util-deprecate@1.0.2 OK for: readable-stream@3.6.2 want: ^1.0.1
110 silly fetch manifest safe-buffer@~5.2.0
111 silly packumentCache full:https://registry.npmjs.org/safe-buffer cache-miss
112 http fetch GET 200 https://registry.npmjs.org/safe-buffer 242ms (cache miss)
113 silly packumentCache full:https://registry.npmjs.org/safe-buffer set size:undefined disposed:false
114 silly placeDep ROOT safe-buffer@5.2.1 OK for: string_decoder@1.3.0 want: ~5.2.0
115 silly reify moves {}
116 http cache safe-buffer@https://registry.npmjs.org/safe-buffer/-/safe-buffer-5.2.1.tgz 0ms (cache hit)
117 http cache string_decoder@https://registry.npmjs.org/string_decoder/-/string_decoder-1.3.0.tgz 0ms (cache hit)
118 http cache debug@https://registry.npmjs.org/debug/-/debug-4.4.3.tgz 0ms (cache hit)
119 http cache ms@https://registry.npmjs.org/ms/-/ms-2.1.3.tgz 0ms (cache hit)
120 http cache @types/node@https://registry.npmjs.org/@types/node/-/node-10.17.60.tgz 0ms (cache hit)
121 http cache agent-base@https://registry.npmjs.org/agent-base/-/agent-base-6.0.2.tgz 0ms (cache hit)
122 http cache util-deprecate@https://registry.npmjs.org/util-deprecate/-/util-deprecate-1.0.2.tgz 0ms (cache hit)
123 http cache inherits@https://registry.npmjs.org/inherits/-/inherits-2.0.4.tgz 0ms (cache hit)
124 http cache readable-stream@https://registry.npmjs.org/readable-stream/-/readable-stream-3.6.2.tgz 0ms (cache hit)
125 http cache typedarray@https://registry.npmjs.org/typedarray/-/typedarray-0.0.6.tgz 0ms (cache hit)
126 http cache buffer-from@https://registry.npmjs.org/buffer-from/-/buffer-from-1.1.2.tgz 0ms (cache hit)
127 http cache parse-cache-control@https://registry.npmjs.org/parse-cache-control/-/parse-cache-control-1.0.1.tgz 0ms (cache hit)
128 http cache @derhuerst/http-basic@https://registry.npmjs.org/@derhuerst/http-basic/-/http-basic-8.2.4.tgz 0ms (cache hit)
129 http cache http-response-object@https://registry.npmjs.org/http-response-object/-/http-response-object-3.0.2.tgz 0ms (cache hit)
130 http cache progress@https://registry.npmjs.org/progress/-/progress-2.0.3.tgz 0ms (cache hit)
131 http cache caseless@https://registry.npmjs.org/caseless/-/caseless-0.12.0.tgz 0ms (cache hit)
132 http cache https-proxy-agent@https://registry.npmjs.org/https-proxy-agent/-/https-proxy-agent-5.0.1.tgz 0ms (cache hit)
133 http cache concat-stream@https://registry.npmjs.org/concat-stream/-/concat-stream-2.0.0.tgz 0ms (cache hit)
134 silly tarball no local data for safe-buffer@https://registry.npmjs.org/safe-buffer/-/safe-buffer-5.2.1.tgz. Extracting by manifest.
135 http cache env-paths@https://registry.npmjs.org/env-paths/-/env-paths-2.2.1.tgz 0ms (cache hit)
136 silly tarball no local data for string_decoder@https://registry.npmjs.org/string_decoder/-/string_decoder-1.3.0.tgz. Extracting by manifest.
137 http cache ffmpeg-static@https://registry.npmjs.org/ffmpeg-static/-/ffmpeg-static-5.3.0.tgz 0ms (cache hit)
138 silly tarball no local data for debug@https://registry.npmjs.org/debug/-/debug-4.4.3.tgz. Extracting by manifest.
139 silly tarball no local data for ms@https://registry.npmjs.org/ms/-/ms-2.1.3.tgz. Extracting by manifest.
140 silly tarball no local data for @types/node@https://registry.npmjs.org/@types/node/-/node-10.17.60.tgz. Extracting by manifest.
141 silly tarball no local data for agent-base@https://registry.npmjs.org/agent-base/-/agent-base-6.0.2.tgz. Extracting by manifest.
142 silly tarball no local data for util-deprecate@https://registry.npmjs.org/util-deprecate/-/util-deprecate-1.0.2.tgz. Extracting by manifest.
143 silly tarball no local data for inherits@https://registry.npmjs.org/inherits/-/inherits-2.0.4.tgz. Extracting by manifest.
144 silly tarball no local data for readable-stream@https://registry.npmjs.org/readable-stream/-/readable-stream-3.6.2.tgz. Extracting by manifest.
145 silly tarball no local data for typedarray@https://registry.npmjs.org/typedarray/-/typedarray-0.0.6.tgz. Extracting by manifest.
146 silly tarball no local data for buffer-from@https://registry.npmjs.org/buffer-from/-/buffer-from-1.1.2.tgz. Extracting by manifest.
147 silly tarball no local data for parse-cache-control@https://registry.npmjs.org/parse-cache-control/-/parse-cache-control-1.0.1.tgz. Extracting by manifest.
148 silly tarball no local data for @derhuerst/http-basic@https://registry.npmjs.org/@derhuerst/http-basic/-/http-basic-8.2.4.tgz. Extracting by manifest.
149 silly tarball no local data for http-response-object@https://registry.npmjs.org/http-response-object/-/http-response-object-3.0.2.tgz. Extracting by manifest.
150 silly tarball no local data for progress@https://registry.npmjs.org/progress/-/progress-2.0.3.tgz. Extracting by manifest.
151 silly tarball no local data for caseless@https://registry.npmjs.org/caseless/-/caseless-0.12.0.tgz. Extracting by manifest.
152 silly tarball no local data for https-proxy-agent@https://registry.npmjs.org/https-proxy-agent/-/https-proxy-agent-5.0.1.tgz. Extracting by manifest.
153 silly tarball no local data for concat-stream@https://registry.npmjs.org/concat-stream/-/concat-stream-2.0.0.tgz. Extracting by manifest.
154 silly tarball no local data for env-paths@https://registry.npmjs.org/env-paths/-/env-paths-2.2.1.tgz. Extracting by manifest.
155 silly tarball no local data for ffmpeg-static@https://registry.npmjs.org/ffmpeg-static/-/ffmpeg-static-5.3.0.tgz. Extracting by manifest.
156 http fetch GET 200 https://registry.npmjs.org/string_decoder/-/string_decoder-1.3.0.tgz 196ms (cache miss)
157 http fetch GET 200 https://registry.npmjs.org/safe-buffer/-/safe-buffer-5.2.1.tgz 234ms (cache miss)
158 http fetch GET 200 https://registry.npmjs.org/ms/-/ms-2.1.3.tgz 233ms (cache miss)
159 http fetch GET 200 https://registry.npmjs.org/debug/-/debug-4.4.3.tgz 234ms (cache miss)
160 http fetch GET 200 https://registry.npmjs.org/agent-base/-/agent-base-6.0.2.tgz 250ms (cache miss)
161 http fetch GET 200 https://registry.npmjs.org/caseless/-/caseless-0.12.0.tgz 366ms (cache miss)
162 http fetch GET 200 https://registry.npmjs.org/env-paths/-/env-paths-2.2.1.tgz 441ms (cache miss)
163 http fetch GET 200 https://registry.npmjs.org/https-proxy-agent/-/https-proxy-agent-5.0.1.tgz 449ms (cache miss)
164 http fetch GET 200 https://registry.npmjs.org/concat-stream/-/concat-stream-2.0.0.tgz 450ms (cache miss)
165 http fetch GET 200 https://registry.npmjs.org/@types/node/-/node-10.17.60.tgz 677ms (cache miss)
166 http fetch GET 200 https://registry.npmjs.org/ffmpeg-static/-/ffmpeg-static-5.3.0.tgz 765ms (cache miss)
167 http fetch GET 200 https://registry.npmjs.org/http-response-object/-/http-response-object-3.0.2.tgz 794ms (cache miss)
168 http fetch GET 200 https://registry.npmjs.org/progress/-/progress-2.0.3.tgz 795ms (cache miss)
169 http fetch GET 200 https://registry.npmjs.org/parse-cache-control/-/parse-cache-control-1.0.1.tgz 825ms (cache miss)
170 http fetch GET 200 https://registry.npmjs.org/typedarray/-/typedarray-0.0.6.tgz 833ms (cache miss)
171 http fetch GET 200 https://registry.npmjs.org/@derhuerst/http-basic/-/http-basic-8.2.4.tgz 841ms (cache miss)
172 http fetch GET 200 https://registry.npmjs.org/readable-stream/-/readable-stream-3.6.2.tgz 891ms (cache miss)
173 http fetch GET 200 https://registry.npmjs.org/buffer-from/-/buffer-from-1.1.2.tgz 942ms (cache miss)
174 http fetch GET 200 https://registry.npmjs.org/inherits/-/inherits-2.0.4.tgz 1101ms (cache miss)
175 http fetch GET 200 https://registry.npmjs.org/util-deprecate/-/util-deprecate-1.0.2.tgz 1269ms (cache miss)
176 info run ffmpeg-static@5.3.0 install node_modules/ffmpeg-static node install.js
177 info run ffmpeg-static@5.3.0 install { code: 'EPERM', signal: undefined }
178 warn cleanup Failed to remove some directories [
178 warn cleanup   [
178 warn cleanup     '\\\\?\\D:\\360MoveData\\Users\\46273\\Desktop\\DEMO\\.tmp_video\\node_modules',
178 warn cleanup     [Error: EPERM: operation not permitted, rmdir 'D:\360MoveData\Users\46273\Desktop\DEMO\.tmp_video\node_modules\string_decoder'] {
178 warn cleanup       errno: -4048,
178 warn cleanup       code: 'EPERM',
178 warn cleanup       syscall: 'rmdir',
178 warn cleanup       path: 'D:\\360MoveData\\Users\\46273\\Desktop\\DEMO\\.tmp_video\\node_modules\\string_decoder'
178 warn cleanup     }
178 warn cleanup   ],
178 warn cleanup   [
178 warn cleanup     '\\\\?\\D:\\360MoveData\\Users\\46273\\Desktop\\DEMO\\.tmp_video\\node_modules\\@types',
178 warn cleanup     [Error: EPERM: operation not permitted, rmdir 'D:\360MoveData\Users\46273\Desktop\DEMO\.tmp_video\node_modules\@types'] {
178 warn cleanup       errno: -4048,
178 warn cleanup       code: 'EPERM',
178 warn cleanup       syscall: 'rmdir',
178 warn cleanup       path: 'D:\\360MoveData\\Users\\46273\\Desktop\\DEMO\\.tmp_video\\node_modules\\@types'
178 warn cleanup     }
178 warn cleanup   ]
178 warn cleanup ]
179 verbose stack Error: spawn EPERM
179 verbose stack     at ChildProcess.spawn (node:internal/child_process:420:11)
179 verbose stack     at spawn (node:child_process:796:9)
179 verbose stack     at promiseSpawn (D:\nodejs\node_modules\npm\node_modules\@npmcli\promise-spawn\lib\index.js:39:16)
179 verbose stack     at spawnWithShell (D:\nodejs\node_modules\npm\node_modules\@npmcli\promise-spawn\lib\index.js:124:10)
179 verbose stack     at promiseSpawn (D:\nodejs\node_modules\npm\node_modules\@npmcli\promise-spawn\lib\index.js:12:12)
179 verbose stack     at runScriptPkg (D:\nodejs\node_modules\npm\node_modules\@npmcli\run-script\lib\run-script-pkg.js:79:13)
179 verbose stack     at runScript (D:\nodejs\node_modules\npm\node_modules\@npmcli\run-script\lib\run-script.js:9:12)
179 verbose stack     at D:\nodejs\node_modules\npm\node_modules\@npmcli\arborist\lib\arborist\rebuild.js:332:17
179 verbose stack     at run (D:\nodejs\node_modules\npm\node_modules\promise-call-limit\dist\commonjs\index.js:67:22)
179 verbose stack     at D:\nodejs\node_modules\npm\node_modules\promise-call-limit\dist\commonjs\index.js:84:9
180 error code EPERM
181 error syscall spawn
182 error errno -4048
183 error Error: spawn EPERM
183 error     at ChildProcess.spawn (node:internal/child_process:420:11)
183 error     at spawn (node:child_process:796:9)
183 error     at promiseSpawn (D:\nodejs\node_modules\npm\node_modules\@npmcli\promise-spawn\lib\index.js:39:16)
183 error     at spawnWithShell (D:\nodejs\node_modules\npm\node_modules\@npmcli\promise-spawn\lib\index.js:124:10)
183 error     at promiseSpawn (D:\nodejs\node_modules\npm\node_modules\@npmcli\promise-spawn\lib\index.js:12:12)
183 error     at runScriptPkg (D:\nodejs\node_modules\npm\node_modules\@npmcli\run-script\lib\run-script-pkg.js:79:13)
183 error     at runScript (D:\nodejs\node_modules\npm\node_modules\@npmcli\run-script\lib\run-script.js:9:12)
183 error     at D:\nodejs\node_modules\npm\node_modules\@npmcli\arborist\lib\arborist\rebuild.js:332:17
183 error     at run (D:\nodejs\node_modules\npm\node_modules\promise-call-limit\dist\commonjs\index.js:67:22)
183 error     at D:\nodejs\node_modules\npm\node_modules\promise-call-limit\dist\commonjs\index.js:84:9 {
183 error   errno: -4048,
183 error   code: 'EPERM',
183 error   syscall: 'spawn'
183 error }
184 error
184 error The operation was rejected by your operating system.
184 error It's possible that the file was already in use (by a text editor or antivirus),
184 error or that you lack permissions to access it.
184 error
184 error If you believe this might be a permissions issue, please double-check the
184 error permissions of the file and its containing directories, or try running
184 error the command again as root/Administrator.
185 silly unfinished npm timer reify 1790857134317
186 silly unfinished npm timer reify:build 1790857141273
187 silly unfinished npm timer build 1790857141273
188 silly unfinished npm timer build:deps 1790857141273
189 silly unfinished npm timer build:run:install 1790857141274
190 silly unfinished npm timer build:run:install:node_modules/ffmpeg-static 1790857141274
191 verbose cwd D:\360MoveData\Users\46273\Desktop\DEMO\.tmp_video
192 verbose os Windows_NT 10.0.22631
193 verbose node v25.2.1
194 verbose npm  v11.6.2
195 notice
195 notice New minor version of npm available! 11.6.2 -> 11.21.0
195 notice Changelog: https://github.com/npm/cli/releases/tag/v11.21.0
195 notice To update run: npm install -g npm@11.21.0
195 notice  { force: true, Symbol(proc-log.meta): true }
196 verbose exit -4048
197 verbose code -4048
198 error A complete log of this run can be found in: D:\360MoveData\Users\46273\Desktop\DEMO\.tmp_video\.npm-cache\_logs\2026-10-01T12_18_53_848Z-debug-0.log
